4,7: <b>Hello</b><p>
 The canonical "Hello, World" demo class expressed in X10
<p>
4,8: <b>Hello</b><p>
 The canonical "Hello, World" demo class expressed in X10
<p>
4,9: <b>Hello</b><p>
 The canonical "Hello, World" demo class expressed in X10
<p>
4,10: <b>Hello</b><p>
 The canonical "Hello, World" demo class expressed in X10
<p>
4,11: <b>Hello</b><p>
 The canonical "Hello, World" demo class expressed in X10
<p>
4,12: <b>Hello</b><p>
 The canonical "Hello, World" demo class expressed in X10
<p>
4,13: <b>Hello</b><p>
 The canonical "Hello, World" demo class expressed in X10
<p>
4,14: <b>Hello</b><p>
 The canonical "Hello, World" demo class expressed in X10
<p>
4,15: <b>Hello</b><p>
 The canonical "Hello, World" demo class expressed in X10
<p>
4,16: <b>Hello</b><p>
 The canonical "Hello, World" demo class expressed in X10
<p>
4,17: <b>Hello</b><p>
 The canonical "Hello, World" demo class expressed in X10
<p>
4,18: <b>Hello</b><p>
 The canonical "Hello, World" demo class expressed in X10
<p>
4,19: <b>Hello</b><p>
 The canonical "Hello, World" demo class expressed in X10
<p>
9,18: <b>void Hello.main(val id$0: x10.array.Array[x10.lang.String])</b><p>
 The main method for the Hello class
 <p>
9,19: <b>void Hello.main(val id$0: x10.array.Array[x10.lang.String])</b><p>
 The main method for the Hello class
 <p>
9,20: <b>void Hello.main(val id$0: x10.array.Array[x10.lang.String])</b><p>
 The main method for the Hello class
 <p>
9,21: <b>void Hello.main(val id$0: x10.array.Array[x10.lang.String])</b><p>
 The main method for the Hello class
 <p>
9,22: <b>void Hello.main(val id$0: x10.array.Array[x10.lang.String])</b><p>
 The main method for the Hello class
 <p>
9,23: <b>void Hello.main(val id$0: x10.array.Array[x10.lang.String])</b><p>
 The main method for the Hello class
 <p>
9,24: <b>void Hello.main(val id$0: x10.array.Array[x10.lang.String])</b><p>
 The main method for the Hello class
 <p>
9,25: <b>void Hello.main(val id$0: x10.array.Array[x10.lang.String])</b><p>
 The main method for the Hello class
 <p>
9,26: <b>void Hello.main(val id$0: x10.array.Array[x10.lang.String])</b><p>
 The main method for the Hello class
 <p>
9,27: <b>void Hello.main(val id$0: x10.array.Array[x10.lang.String])</b><p>
 The main method for the Hello class
 <p>
9,28: <b>local final id$0: x10.array.Array[x10.lang.String]</b><p><p>
9,29: <b>local final id$0: x10.array.Array[x10.lang.String]</b><p><p>
9,30: <b>local final id$0: x10.array.Array[x10.lang.String]</b><p><p>
9,31: <b>local final id$0: x10.array.Array[x10.lang.String]</b><p><p>
9,32: <b>local final id$0: x10.array.Array[x10.lang.String]</b><p><p>
9,33: <b>local final id$0: x10.array.Array[x10.lang.String]</b><p><p>
9,34: <b>local final id$0: x10.array.Array[x10.lang.String]</b><p><p>
9,35: <b>local final id$0: x10.array.Array[x10.lang.String]</b><p><p>
9,36: <b>local final id$0: x10.array.Array[x10.lang.String]</b><p><p>
9,37: <b>local final id$0: x10.array.Array[x10.lang.String]</b><p><p>
9,38: <b>local final id$0: x10.array.Array[x10.lang.String]</b><p><p>
9,39: <b>local final id$0: x10.array.Array[x10.lang.String]</b><p><p>
9,40: <b>local final id$0: x10.array.Array[x10.lang.String]</b><p><p>
9,41: <b>void Hello.main(val id$0: x10.array.Array[x10.lang.String])</b><p>
 The main method for the Hello class
 <p>
9,42: <b>void Hello.main(val id$0: x10.array.Array[x10.lang.String])</b><p>
 The main method for the Hello class
 <p>
10,9: <h5>x10.io.Console</h5>
10,10: <h5>x10.io.Console</h5>
10,11: <h5>x10.io.Console</h5>
10,12: <h5>x10.io.Console</h5>
10,13: <h5>x10.io.Console</h5>
10,14: <h5>x10.io.Console</h5>
10,15: <h5>x10.io.Console</h5>
10,16: <h5>field final public static x10.io.Printer x10.io.Console.OUT</h5>
10,17: <h5>field final public static x10.io.Printer x10.io.Console.OUT</h5>
10,18: <h5>field final public static x10.io.Printer x10.io.Console.OUT</h5>
10,19: <h5>field final public static x10.io.Printer x10.io.Console.OUT</h5>
10,20: <h5>method final public x10.io.Printer.println(o:x10.lang.Any): void</h5>
10,21: <h5>method final public x10.io.Printer.println(o:x10.lang.Any): void</h5>
10,22: <h5>method final public x10.io.Printer.println(o:x10.lang.Any): void</h5>
10,23: <h5>method final public x10.io.Printer.println(o:x10.lang.Any): void</h5>
10,24: <h5>method final public x10.io.Printer.println(o:x10.lang.Any): void</h5>
10,25: <h5>method final public x10.io.Printer.println(o:x10.lang.Any): void</h5>
10,26: <h5>method final public x10.io.Printer.println(o:x10.lang.Any): void</h5>
10,27: <h5>method final public x10.io.Printer.println(o:x10.lang.Any): void</h5>
10,28: <h5>method final public x10.io.Printer.println(o:x10.lang.Any): void</h5>
10,44: <h5>method final public x10.io.Printer.println(o:x10.lang.Any): void</h5>
